You reached the start of the range
Oct 7, 2025, 10:13 AM
Starting Container
npm warn config production Use `--omit=dev` instead.
> jie-mastery-tutor@1.0.0 start
> NODE_ENV=production tsx server/index.ts
/app/server/db.ts:11
    throw new Error('DATABASE_URL must be set in production');
          ^
Error: DATABASE_URL must be set in production
    at <anonymous> (/app/server/db.ts:11:11)
    at ModuleJob.run (node:internal/modules/esm/module_job:325:25)
    at async ModuleLoader.import (node:internal/modules/esm/loader:606:24)
    at async asyncRunEntryPointWithESMLoader (node:internal/modules/run_main:117:5)
Node.js v20.19.5
npm warn config production Use `--omit=dev` instead.
> jie-mastery-tutor@1.0.0 start
> NODE_ENV=production tsx server/index.ts
/app/server/db.ts:11
    throw new Error('DATABASE_URL must be set in production');
          ^
Error: DATABASE_URL must be set in production
    at <anonymous> (/app/server/db.ts:11:11)
    at ModuleJob.run (node:internal/modules/esm/module_job:325:25)
    at async ModuleLoader.import (node:internal/modules/esm/loader:606:24)
    at async asyncRunEntryPointWithESMLoader (node:internal/modules/run_main:117:5)
Node.js v20.19.5
npm warn config production Use `--omit=dev` instead.
> jie-mastery-tutor@1.0.0 start
> NODE_ENV=production tsx server/index.ts
/app/server/db.ts:11
    throw new Error('DATABASE_URL must be set in production');
          ^
Error: DATABASE_URL must be set in production
    at <anonymous> (/app/server/db.ts:11:11)
    at ModuleJob.run (node:internal/modules/esm/module_job:325:25)
    at async ModuleLoader.import (node:internal/modules/esm/loader:606:24)
    at async asyncRunEntryPointWithESMLoader (node:internal/modules/run_main:117:5)
Node.js v20.19.5
npm warn config production Use `--omit=dev` instead.
> jie-mastery-tutor@1.0.0 start
> NODE_ENV=production tsx server/index.ts
/app/server/db.ts:11
    throw new Error('DATABASE_URL must be set in production');
          ^
Error: DATABASE_URL must be set in production
    at <anonymous> (/app/server/db.ts:11:11)
    at ModuleJob.run (node:internal/modules/esm/module_job:325:25)
    at async ModuleLoader.import (node:internal/modules/esm/loader:606:24)
    at async asyncRunEntryPointWithESMLoader (node:internal/modules/run_main:117:5)
Node.js v20.19.5
npm warn config production Use `--omit=dev` instead.
> jie-mastery-tutor@1.0.0 start
> NODE_ENV=production tsx server/index.ts
/app/server/db.ts:11
    throw new Error('DATABASE_URL must be set in production');
          ^
Error: DATABASE_URL must be set in production
    at <anonymous> (/app/server/db.ts:11:11)
    at ModuleJob.run (node:internal/modules/esm/module_job:325:25)
    at async ModuleLoader.import (node:internal/modules/esm/loader:606:24)
    at async asyncRunEntryPointWithESMLoader (node:internal/modules/run_main:117:5)
Node.js v20.19.5
npm warn config production Use `--omit=dev` instead.
> jie-mastery-tutor@1.0.0 start
> NODE_ENV=production tsx server/index.ts
/app/server/db.ts:11
    throw new Error('DATABASE_URL must be set in production');
          ^
Error: DATABASE_URL must be set in production
    at <anonymous> (/app/server/db.ts:11:11)
    at ModuleJob.run (node:internal/modules/esm/module_job:325:25)
    at async ModuleLoader.import (node:internal/modules/esm/loader:606:24)
    at async asyncRunEntryPointWithESMLoader (node:internal/modules/run_main:117:5)
Node.js v20.19.5
npm warn config production Use `--omit=dev` instead.
> jie-mastery-tutor@1.0.0 start
> NODE_ENV=production tsx server/index.ts
/app/server/db.ts:11
    throw new Error('DATABASE_URL must be set in production');
          ^
Error: DATABASE_URL must be set in production
    at <anonymous> (/app/server/db.ts:11:11)
    at ModuleJob.run (node:internal/modules/esm/module_job:325:25)
    at async ModuleLoader.import (node:internal/modules/esm/loader:606:24)
    at async asyncRunEntryPointWithESMLoader (node:internal/modules/run_main:117:5)
Node.js v20.19.5